\BOOKMARK [1][-]{section.1}{\376\377\0001\000.\000\040\000I\000N\000T\000R\000O\000D\000U\000C\000T\000I\000O\000N}{}% 1
\BOOKMARK [2][-]{subsection.1.1}{\376\377\0001\000.\0001\000\040\000I\000N\000T\000R\000O\000D\000U\000C\000T\000I\000O\000N\000\040\000T\000O\000\040\000T\000H\000E\000\040\000P\000R\000O\000J\000E\000C\000T}{section.1}% 2
\BOOKMARK [2][-]{subsection.1.2}{\376\377\0001\000.\0002\000\040\000S\000T\000A\000T\000E\000M\000E\000N\000T\000\040\000O\000F\000\040\000T\000H\000E\000\040\000P\000R\000O\000B\000L\000E\000M}{section.1}% 3
\BOOKMARK [2][-]{subsection.1.3}{\376\377\0001\000.\0003\000\040\000S\000Y\000S\000T\000E\000M\000\040\000S\000P\000E\000C\000I\000F\000I\000C\000A\000T\000I\000O\000N\000S}{section.1}% 4
\BOOKMARK [1][-]{section.2}{\376\377\0002\000.\000\040\000L\000I\000T\000E\000R\000A\000T\000U\000R\000E\000\040\000S\000U\000R\000V\000E\000Y}{}% 5
\BOOKMARK [1][-]{section.3}{\376\377\0003\000.\000\040\000S\000Y\000S\000T\000E\000M\000\040\000A\000N\000A\000L\000Y\000S\000I\000S}{}% 6
\BOOKMARK [2][-]{subsection.3.1}{\376\377\0003\000.\0001\000\040\000E\000X\000I\000S\000T\000I\000N\000G\000\040\000S\000Y\000S\000T\000E\000M}{section.3}% 7
\BOOKMARK [2][-]{subsection.3.2}{\376\377\0003\000.\0002\000\040\000L\000I\000M\000I\000T\000A\000T\000I\000O\000N\000S\000\040\000O\000F\000\040\000T\000H\000E\000\040\000E\000X\000I\000S\000T\000I\000N\000G\000\040\000S\000Y\000S\000T\000E\000M}{section.3}% 8
\BOOKMARK [2][-]{subsection.3.3}{\376\377\0003\000.\0003\000\040\000P\000R\000O\000P\000O\000S\000E\000D\000\040\000S\000Y\000S\000T\000E\000M}{section.3}% 9
\BOOKMARK [2][-]{subsection.3.4}{\376\377\0003\000.\0004\000\040\000A\000D\000V\000A\000N\000T\000A\000G\000E\000S\000\040\000O\000F\000\040\000T\000H\000E\000\040\000P\000R\000O\000P\000O\000S\000E\000D\000\040\000S\000Y\000S\000T\000E\000M}{section.3}% 10
\BOOKMARK [1][-]{section.4}{\376\377\0004\000.\000\040\000S\000Y\000S\000T\000E\000M\000\040\000D\000E\000S\000I\000G\000N}{}% 11
\BOOKMARK [2][-]{subsection.4.1}{\376\377\0004\000.\0001\000\040\000H\000I\000G\000H\000\040\000L\000E\000V\000E\000L\000\040\000D\000E\000S\000I\000G\000N\000\040\000\050\000A\000R\000C\000H\000I\000T\000E\000C\000T\000U\000R\000A\000L\000\051}{section.4}% 12
\BOOKMARK [2][-]{subsection.4.2}{\376\377\0004\000.\0002\000\040\000L\000O\000W\000\040\000L\000E\000V\000E\000L\000\040\000D\000E\000S\000I\000G\000N}{section.4}% 13
\BOOKMARK [1][-]{section.5}{\376\377\0007\000.\000\040\000M\000E\000T\000H\000O\000D\000O\000L\000O\000G\000Y}{}% 14
\BOOKMARK [2][-]{subsection.5.1}{\376\377\0007\000.\0001\000\040\000R\000E\000Q\000U\000I\000R\000E\000M\000E\000N\000T\000\040\000E\000L\000I\000C\000I\000T\000A\000T\000I\000O\000N\000\040\000A\000N\000D\000\040\000A\000N\000A\000L\000Y\000S\000I\000S}{section.5}% 15
\BOOKMARK [2][-]{subsection.5.2}{\376\377\0007\000.\0002\000\040\000S\000Y\000S\000T\000E\000M\000\040\000I\000M\000P\000L\000E\000M\000E\000N\000T\000A\000T\000I\000O\000N\000\040\000A\000P\000P\000R\000O\000A\000C\000H}{section.5}% 16
\BOOKMARK [2][-]{subsection.5.3}{\376\377\0007\000.\0003\000\040\000V\000A\000L\000I\000D\000A\000T\000I\000O\000N\000\040\000A\000N\000D\000\040\000V\000E\000R\000I\000F\000I\000C\000A\000T\000I\000O\000N\000\040\000P\000R\000O\000C\000E\000S\000S}{section.5}% 17
\BOOKMARK [2][-]{subsection.5.4}{\376\377\0007\000.\0004\000\040\000D\000O\000C\000U\000M\000E\000N\000T\000A\000T\000I\000O\000N\000\040\000A\000N\000D\000\040\000R\000E\000P\000O\000R\000T\000I\000N\000G\000\040\000M\000E\000T\000H\000O\000D}{section.5}% 18
\BOOKMARK [1][-]{section.6}{\376\377\0008\000.\000\040\000T\000E\000S\000T\000I\000N\000G}{}% 19
\BOOKMARK [1][-]{section.7}{\376\377\0009\000.\000\040\000C\000O\000N\000C\000L\000U\000S\000I\000O\000N}{}% 20
\BOOKMARK [1][-]{section.8}{\376\377\0001\0000\000.\000\040\000B\000I\000B\000L\000I\000O\000G\000R\000A\000P\000H\000Y}{}% 21
\BOOKMARK [1][-]{section.9}{\376\377\0001\0001\000.\000\040\000A\000P\000P\000E\000N\000D\000I\000X\000\040\040\023\000\040\000S\000a\000m\000p\000l\000e\000\040\000S\000o\000u\000r\000c\000e\000\040\000C\000o\000d\000e\000/\000P\000s\000e\000u\000d\000o\000\040\000C\000o\000d\000e}{}% 22
